
root@vllm-prefill-5cc8f99684-p8bf2:/app# python test1.py 

Running DDP on 3 GPUs.


Rank 2: Initial tensor = tensor([20.], device='cuda:2')
Rank 0: Initial tensor = tensor([0.], device='cuda:0')


[2025-11-23 18:27:59] vllm-prefill-5cc8f99684-p8bf2:3807:3807 [0] /longer_pathname_so_that_rpms_can_support_packaging_the_debug_info_for_all_os_profiles/src/out/ubuntu-22.04/22.04/build/rccl/hipify/src/init.cc:140 NCCL WARN NUMA auto balancing enabled which can lead to variability in the RCCL performance! Disable by "sudo sysctl kernel.numa_balancing=0"
vllm-prefill-5cc8f99684-p8bf2:3807:3807 [0] NCCL INFO Kernel version: 6.1.0-39-amd64

[2025-11-23 18:27:59] vllm-prefill-5cc8f99684-p8bf2:3807:3807 [0] /longer_pathname_so_that_rpms_can_support_packaging_the_debug_info_for_all_os_profiles/src/out/ubuntu-22.04/22.04/build/rccl/hipify/src/init.cc:161 NCCL WARN Missing "iommu=pt" from kernel command line which can lead to system instablity or hang!
vllm-prefill-5cc8f99684-p8bf2:3807:3807 [0] NCCL INFO NCCL_SOCKET_IFNAME set by environment to eth0
vllm-prefill-5cc8f99684-p8bf2:3807:3807 [0] NCCL INFO Bootstrap: Using eth0:10.108.2.223<0>
vllm-prefill-5cc8f99684-p8bf2:3807:3807 [0] NCCL INFO ROCr version 1.18
vllm-prefill-5cc8f99684-p8bf2:3807:3807 [0] NCCL INFO Dmabuf feature disabled without NCCL_DMABUF_ENABLE=1

[2025-11-23 18:27:59] vllm-prefill-5cc8f99684-p8bf2:3807:3807 [0] /longer_pathname_so_that_rpms_can_support_packaging_the_debug_info_for_all_os_profiles/src/out/ubuntu-22.04/22.04/build/rccl/hipify/src/init.cc:140 NCCL WARN NUMA auto balancing enabled which can lead to variability in the RCCL performance! Disable by "sudo sysctl kernel.numa_balancing=0"
vllm-prefill-5cc8f99684-p8bf2:3807:3807 [0] NCCL INFO Kernel version: 6.1.0-39-amd64

[2025-11-23 18:27:59] vllm-prefill-5cc8f99684-p8bf2:3807:3807 [0] /longer_pathname_so_that_rpms_can_support_packaging_the_debug_info_for_all_os_profiles/src/out/ubuntu-22.04/22.04/build/rccl/hipify/src/init.cc:161 NCCL WARN Missing "iommu=pt" from kernel command line which can lead to system instablity or hang!
vllm-prefill-5cc8f99684-p8bf2:3807:3807 [0] NCCL INFO RCCL version : 2.26.6-HEAD:f224e2c
HIP version  : 7.0.51831-a3e329ad8
ROCm version : 7.0.0.0-38-9428210
Hostname     : vllm-prefill-5cc8f99684-p8bf2
Librccl path : /opt/rocm/lib/librccl.so.1
vllm-prefill-5cc8f99684-p8bf2:3809:3809 [2] NCCL INFO ROCr version 1.18
vllm-prefill-5cc8f99684-p8bf2:3809:3809 [2] NCCL INFO Dmabuf feature disabled without NCCL_DMABUF_ENABLE=1

[2025-11-23 18:27:59] vllm-prefill-5cc8f99684-p8bf2:3809:3809 [2] /longer_pathname_so_that_rpms_can_support_packaging_the_debug_info_for_all_os_profiles/src/out/ubuntu-22.04/22.04/build/rccl/hipify/src/init.cc:140 NCCL WARN NUMA auto balancing enabled which can lead to variability in the RCCL performance! Disable by "sudo sysctl kernel.numa_balancing=0"
vllm-prefill-5cc8f99684-p8bf2:3809:3809 [2] NCCL INFO Kernel version: 6.1.0-39-amd64

[2025-11-23 18:27:59] vllm-prefill-5cc8f99684-p8bf2:3809:3809 [2] /longer_pathname_so_that_rpms_can_support_packaging_the_debug_info_for_all_os_profiles/src/out/ubuntu-22.04/22.04/build/rccl/hipify/src/init.cc:161 NCCL WARN Missing "iommu=pt" from kernel command line which can lead to system instablity or hang!
vllm-prefill-5cc8f99684-p8bf2:3809:3809 [2] NCCL INFO NCCL_SOCKET_IFNAME set by environment to eth0
vllm-prefill-5cc8f99684-p8bf2:3807:3807 [0] NCCL INFO Comm config Blocking set to 1
vllm-prefill-5cc8f99684-p8bf2:3809:3809 [2] NCCL INFO Bootstrap: Using eth0:10.108.2.223<0>
vllm-prefill-5cc8f99684-p8bf2:3809:3809 [2] NCCL INFO RCCL version : 2.26.6-HEAD:f224e2c
HIP version  : 7.0.51831-a3e329ad8
ROCm version : 7.0.0.0-38-9428210
Hostname     : vllm-prefill-5cc8f99684-p8bf2
Librccl path : /opt/rocm/lib/librccl.so.1
vllm-prefill-5cc8f99684-p8bf2:3809:3809 [2] NCCL INFO Comm config Blocking set to 1


Rank 1: Initial tensor = tensor([10.], device='cuda:1')


vllm-prefill-5cc8f99684-p8bf2:3808:3808 [1] NCCL INFO ROCr version 1.18
vllm-prefill-5cc8f99684-p8bf2:3808:3808 [1] NCCL INFO Dmabuf feature disabled without NCCL_DMABUF_ENABLE=1

[2025-11-23 18:27:59] vllm-prefill-5cc8f99684-p8bf2:3808:3808 [1] /longer_pathname_so_that_rpms_can_support_packaging_the_debug_info_for_all_os_profiles/src/out/ubuntu-22.04/22.04/build/rccl/hipify/src/init.cc:140 NCCL WARN NUMA auto balancing enabled which can lead to variability in the RCCL performance! Disable by "sudo sysctl kernel.numa_balancing=0"
vllm-prefill-5cc8f99684-p8bf2:3808:3808 [1] NCCL INFO Kernel version: 6.1.0-39-amd64

[2025-11-23 18:27:59] vllm-prefill-5cc8f99684-p8bf2:3808:3808 [1] /longer_pathname_so_that_rpms_can_support_packaging_the_debug_info_for_all_os_profiles/src/out/ubuntu-22.04/22.04/build/rccl/hipify/src/init.cc:161 NCCL WARN Missing "iommu=pt" from kernel command line which can lead to system instablity or hang!
vllm-prefill-5cc8f99684-p8bf2:3808:3808 [1] NCCL INFO NCCL_SOCKET_IFNAME set by environment to eth0
vllm-prefill-5cc8f99684-p8bf2:3808:3808 [1] NCCL INFO Bootstrap: Using eth0:10.108.2.223<0>
vllm-prefill-5cc8f99684-p8bf2:3808:3808 [1] NCCL INFO RCCL version : 2.26.6-HEAD:f224e2c
HIP version  : 7.0.51831-a3e329ad8
ROCm version : 7.0.0.0-38-9428210
Hostname     : vllm-prefill-5cc8f99684-p8bf2
Librccl path : /opt/rocm/lib/librccl.so.1
vllm-prefill-5cc8f99684-p8bf2:3808:3808 [1] NCCL INFO Comm config Blocking set to 1
vllm-prefill-5cc8f99684-p8bf2:3809:4017 [2] NCCL INFO NET/Plugin: Could not find: librccl-net.so. Using internal net plugin.
vllm-prefill-5cc8f99684-p8bf2:3809:4017 [2] NCCL INFO NCCL_SOCKET_IFNAME set by environment to eth0
vllm-prefill-5cc8f99684-p8bf2:3809:4017 [2] NCCL INFO NET/IB : Using [0]mlx5_0:1/RoCE [1]mlx5_1:1/RoCE [2]mlx5_2:1/RoCE [3]mlx5_3:1/RoCE [4]mlx5_4:1/RoCE [5]mlx5_5:1/RoCE [6]mlx5_6:1/RoCE [7]mlx5_7:1/RoCE [RO]; OOB eth0:10.108.2.223<0>
vllm-prefill-5cc8f99684-p8bf2:3809:4017 [2] NCCL INFO Found /sys/kernel/mm/memory_peers/amdkfd/version
vllm-prefill-5cc8f99684-p8bf2:3809:4017 [2] NCCL INFO PROFILER/Plugin: Could not find: librccl-profiler.so. 
vllm-prefill-5cc8f99684-p8bf2:3809:4017 [2] NCCL INFO Using network IB
vllm-prefill-5cc8f99684-p8bf2:3809:4017 [2] NCCL INFO [node_id = 3; gpu_id = 27976; unique_id = 4971563420770962324; location_id = 35584; bdf = 35584; domain = 0; partition = 0], 
vllm-prefill-5cc8f99684-p8bf2:3809:4017 [2] NCCL INFO [node_id = 7; gpu_id = 46417; unique_id = 5164034830744375558; location_id = 43776; bdf = 43776; domain = 0; partition = 0], 
vllm-prefill-5cc8f99684-p8bf2:3809:4017 [2] NCCL INFO [node_id = 2; gpu_id = 43855; unique_id = 6426859132731320425; location_id = 33536; bdf = 33536; domain = 0; partition = 0], 
vllm-prefill-5cc8f99684-p8bf2:3809:4017 [2] NCCL INFO [node_id = 9; gpu_id = 31068; unique_id = 12237024594166991327; location_id = 47872; bdf = 47872; domain = 0; partition = 0], 
vllm-prefill-5cc8f99684-p8bf2:3809:4017 [2] NCCL INFO [node_id = 6; gpu_id = 29526; unique_id = 14780089557571471585; location_id = 41728; bdf = 41728; domain = 0; partition = 0], 
vllm-prefill-5cc8f99684-p8bf2:3809:4017 [2] NCCL INFO [node_id = 5; gpu_id = 41285; unique_id = 16632971939726001210; location_id = 39680; bdf = 39680; domain = 0; partition = 0], 
vllm-prefill-5cc8f99684-p8bf2:3809:4017 [2] NCCL INFO [node_id = 8; gpu_id = 48987; unique_id = 16820457183120354875; location_id = 45824; bdf = 45824; domain = 0; partition = 0], 
vllm-prefill-5cc8f99684-p8bf2:3809:4017 [2] NCCL INFO [node_id = 4; gpu_id = 26434; unique_id = 17491266153520916041; location_id = 37632; bdf = 37632; domain = 0; partition = 0], 
vllm-prefill-5cc8f99684-p8bf2:3809:4017 [2] NCCL INFO initialized internal alternative rsmi functionality
vllm-prefill-5cc8f99684-p8bf2:3809:4017 [2] NCCL INFO ncclCommInitRankConfig_impl comm 0x4a8a09a0 rank 2 nranks 3 cudaDev 2 nvmlDev 2 busId 93000 commId 0xb56ef89836de4dfc - Init START
vllm-prefill-5cc8f99684-p8bf2:3808:4018 [1] NCCL INFO NET/Plugin: Could not find: librccl-net.so. Using internal net plugin.
vllm-prefill-5cc8f99684-p8bf2:3808:4018 [1] NCCL INFO NCCL_SOCKET_IFNAME set by environment to eth0
vllm-prefill-5cc8f99684-p8bf2:3808:4018 [1] NCCL INFO NET/IB : Using [0]mlx5_0:1/RoCE [1]mlx5_1:1/RoCE [2]mlx5_2:1/RoCE [3]mlx5_3:1/RoCE [4]mlx5_4:1/RoCE [5]mlx5_5:1/RoCE [6]mlx5_6:1/RoCE [7]mlx5_7:1/RoCE [RO]; OOB eth0:10.108.2.223<0>
vllm-prefill-5cc8f99684-p8bf2:3808:4018 [1] NCCL INFO Found /sys/kernel/mm/memory_peers/amdkfd/version
vllm-prefill-5cc8f99684-p8bf2:3808:4018 [1] NCCL INFO PROFILER/Plugin: Could not find: librccl-profiler.so. 
vllm-prefill-5cc8f99684-p8bf2:3808:4018 [1] NCCL INFO Using network IB
vllm-prefill-5cc8f99684-p8bf2:3808:4018 [1] NCCL INFO [node_id = 3; gpu_id = 27976; unique_id = 4971563420770962324; location_id = 35584; bdf = 35584; domain = 0; partition = 0], 
vllm-prefill-5cc8f99684-p8bf2:3808:4018 [1] NCCL INFO [node_id = 7; gpu_id = 46417; unique_id = 5164034830744375558; location_id = 43776; bdf = 43776; domain = 0; partition = 0], 
vllm-prefill-5cc8f99684-p8bf2:3808:4018 [1] NCCL INFO [node_id = 2; gpu_id = 43855; unique_id = 6426859132731320425; location_id = 33536; bdf = 33536; domain = 0; partition = 0], 
vllm-prefill-5cc8f99684-p8bf2:3808:4018 [1] NCCL INFO [node_id = 9; gpu_id = 31068; unique_id = 12237024594166991327; location_id = 47872; bdf = 47872; domain = 0; partition = 0], 
vllm-prefill-5cc8f99684-p8bf2:3808:4018 [1] NCCL INFO [node_id = 6; gpu_id = 29526; unique_id = 14780089557571471585; location_id = 41728; bdf = 41728; domain = 0; partition = 0], 
vllm-prefill-5cc8f99684-p8bf2:3808:4018 [1] NCCL INFO [node_id = 5; gpu_id = 41285; unique_id = 16632971939726001210; location_id = 39680; bdf = 39680; domain = 0; partition = 0], 
vllm-prefill-5cc8f99684-p8bf2:3808:4018 [1] NCCL INFO [node_id = 8; gpu_id = 48987; unique_id = 16820457183120354875; location_id = 45824; bdf = 45824; domain = 0; partition = 0], 
vllm-prefill-5cc8f99684-p8bf2:3808:4018 [1] NCCL INFO [node_id = 4; gpu_id = 26434; unique_id = 17491266153520916041; location_id = 37632; bdf = 37632; domain = 0; partition = 0], 
vllm-prefill-5cc8f99684-p8bf2:3808:4018 [1] NCCL INFO initialized internal alternative rsmi functionality
vllm-prefill-5cc8f99684-p8bf2:3808:4018 [1] NCCL INFO ncclCommInitRankConfig_impl comm 0x39f1b480 rank 1 nranks 3 cudaDev 1 nvmlDev 1 busId 8b000 commId 0xb56ef89836de4dfc - Init START
vllm-prefill-5cc8f99684-p8bf2:3807:4016 [0] NCCL INFO NET/Plugin: Could not find: librccl-net.so. Using internal net plugin.
vllm-prefill-5cc8f99684-p8bf2:3807:4016 [0] NCCL INFO NCCL_SOCKET_IFNAME set by environment to eth0
vllm-prefill-5cc8f99684-p8bf2:3807:4016 [0] NCCL INFO NET/IB : Using [0]mlx5_0:1/RoCE [1]mlx5_1:1/RoCE [2]mlx5_2:1/RoCE [3]mlx5_3:1/RoCE [4]mlx5_4:1/RoCE [5]mlx5_5:1/RoCE [6]mlx5_6:1/RoCE [7]mlx5_7:1/RoCE [RO]; OOB eth0:10.108.2.223<0>
vllm-prefill-5cc8f99684-p8bf2:3807:4016 [0] NCCL INFO Found /sys/kernel/mm/memory_peers/amdkfd/version
vllm-prefill-5cc8f99684-p8bf2:3807:4016 [0] NCCL INFO PROFILER/Plugin: Could not find: librccl-profiler.so. 
vllm-prefill-5cc8f99684-p8bf2:3807:4016 [0] NCCL INFO Using network IB
vllm-prefill-5cc8f99684-p8bf2:3807:4016 [0] NCCL INFO [node_id = 3; gpu_id = 27976; unique_id = 4971563420770962324; location_id = 35584; bdf = 35584; domain = 0; partition = 0], 
vllm-prefill-5cc8f99684-p8bf2:3807:4016 [0] NCCL INFO [node_id = 7; gpu_id = 46417; unique_id = 5164034830744375558; location_id = 43776; bdf = 43776; domain = 0; partition = 0], 
vllm-prefill-5cc8f99684-p8bf2:3807:4016 [0] NCCL INFO [node_id = 2; gpu_id = 43855; unique_id = 6426859132731320425; location_id = 33536; bdf = 33536; domain = 0; partition = 0], 
vllm-prefill-5cc8f99684-p8bf2:3807:4016 [0] NCCL INFO [node_id = 9; gpu_id = 31068; unique_id = 12237024594166991327; location_id = 47872; bdf = 47872; domain = 0; partition = 0], 
vllm-prefill-5cc8f99684-p8bf2:3807:4016 [0] NCCL INFO [node_id = 6; gpu_id = 29526; unique_id = 14780089557571471585; location_id = 41728; bdf = 41728; domain = 0; partition = 0], 
vllm-prefill-5cc8f99684-p8bf2:3807:4016 [0] NCCL INFO [node_id = 5; gpu_id = 41285; unique_id = 16632971939726001210; location_id = 39680; bdf = 39680; domain = 0; partition = 0], 
vllm-prefill-5cc8f99684-p8bf2:3807:4016 [0] NCCL INFO [node_id = 8; gpu_id = 48987; unique_id = 16820457183120354875; location_id = 45824; bdf = 45824; domain = 0; partition = 0], 
vllm-prefill-5cc8f99684-p8bf2:3807:4016 [0] NCCL INFO [node_id = 4; gpu_id = 26434; unique_id = 17491266153520916041; location_id = 37632; bdf = 37632; domain = 0; partition = 0], 
vllm-prefill-5cc8f99684-p8bf2:3807:4016 [0] NCCL INFO initialized internal alternative rsmi functionality
vllm-prefill-5cc8f99684-p8bf2:3807:4016 [0] NCCL INFO ncclCommInitRankConfig_impl comm 0x3be35590 rank 0 nranks 3 cudaDev 0 nvmlDev 0 busId 83000 commId 0xb56ef89836de4dfc - Init START
vllm-prefill-5cc8f99684-p8bf2:3807:4016 [0] NCCL INFO RAS client listening socket at ::1<28028>
vllm-prefill-5cc8f99684-p8bf2:3809:4017 [2] NCCL INFO RAS client listening socket at ::1<28028>
vllm-prefill-5cc8f99684-p8bf2:3808:4018 [1] NCCL INFO RAS client listening socket at ::1<28028>
vllm-prefill-5cc8f99684-p8bf2:3809:4017 [2] NCCL INFO Bootstrap timings total 0.597985 (create 0.000063, send 0.000149, recv 0.597188, ring 0.000102, delay 0.000001)
vllm-prefill-5cc8f99684-p8bf2:3807:4016 [0] NCCL INFO Bootstrap timings total 0.000902 (create 0.000041, send 0.000091, recv 0.000188, ring 0.000254, delay 0.000000)
vllm-prefill-5cc8f99684-p8bf2:3808:4018 [1] NCCL INFO Bootstrap timings total 0.330934 (create 0.000058, send 0.000136, recv 0.000174, ring 0.000043, delay 0.000001)
vllm-prefill-5cc8f99684-p8bf2:3809:4017 [2] NCCL INFO initialized internal alternative rsmi functionality
vllm-prefill-5cc8f99684-p8bf2:3807:4016 [0] NCCL INFO initialized internal alternative rsmi functionality
vllm-prefill-5cc8f99684-p8bf2:3808:4018 [1] NCCL INFO initialized internal alternative rsmi functionality
vllm-prefill-5cc8f99684-p8bf2:3809:4017 [2] NCCL INFO Setting affinity for GPU 2 to ffff,ffffffff,ffffffff
vllm-prefill-5cc8f99684-p8bf2:3807:4016 [0] NCCL INFO Setting affinity for GPU 0 to ffff,ffffffff,ffffffff
vllm-prefill-5cc8f99684-p8bf2:3808:4018 [1] NCCL INFO Setting affinity for GPU 1 to ffff,ffffffff,ffffffff
vllm-prefill-5cc8f99684-p8bf2:3807:4016 [0] NCCL INFO comm 0x3be35590 rank 0 nRanks 3 nNodes 1 localRanks 3 localRank 0 MNNVL 0
vllm-prefill-5cc8f99684-p8bf2:3809:4017 [2] NCCL INFO comm 0x4a8a09a0 rank 2 nRanks 3 nNodes 1 localRanks 3 localRank 2 MNNVL 0
vllm-prefill-5cc8f99684-p8bf2:3808:4018 [1] NCCL INFO comm 0x39f1b480 rank 1 nRanks 3 nNodes 1 localRanks 3 localRank 1 MNNVL 0
vllm-prefill-5cc8f99684-p8bf2:3807:4016 [0] NCCL INFO Channel 00/08 : 0 1 2
vllm-prefill-5cc8f99684-p8bf2:3807:4016 [0] NCCL INFO Channel 01/08 : 0 2 1
vllm-prefill-5cc8f99684-p8bf2:3807:4016 [0] NCCL INFO Channel 02/08 : 0 1 2
vllm-prefill-5cc8f99684-p8bf2:3807:4016 [0] NCCL INFO Channel 03/08 : 0 2 1
vllm-prefill-5cc8f99684-p8bf2:3809:4017 [2] NCCL INFO Trees [0] -1/-1/-1->2->1 [1] -1/-1/-1->2->1 [2] 1/-1/-1->2->0 [3] 1/-1/-1->2->0 [4] -1/-1/-1->2->1 [5] -1/-1/-1->2->1 [6] 1/-1/-1->2->0 [7] 1/-1/-1->2->0 comm 0x4a8a09a0 nRanks 03 busId 93000
vllm-prefill-5cc8f99684-p8bf2:3807:4016 [0] NCCL INFO Channel 04/08 : 0 1 2
vllm-prefill-5cc8f99684-p8bf2:3809:4017 [2] NCCL INFO P2P Chunksize set to 524288
vllm-prefill-5cc8f99684-p8bf2:3808:4018 [1] NCCL INFO Trees [0] 2/-1/-1->1->0 [1] 2/-1/-1->1->0 [2] -1/-1/-1->1->2 [3] -1/-1/-1->1->2 [4] 2/-1/-1->1->0 [5] 2/-1/-1->1->0 [6] -1/-1/-1->1->2 [7] -1/-1/-1->1->2 comm 0x39f1b480 nRanks 03 busId 8b000
vllm-prefill-5cc8f99684-p8bf2:3807:4016 [0] NCCL INFO Channel 05/08 : 0 2 1
vllm-prefill-5cc8f99684-p8bf2:3808:4018 [1] NCCL INFO P2P Chunksize set to 524288
vllm-prefill-5cc8f99684-p8bf2:3807:4016 [0] NCCL INFO Channel 06/08 : 0 1 2
vllm-prefill-5cc8f99684-p8bf2:3807:4016 [0] NCCL INFO Channel 07/08 : 0 2 1
vllm-prefill-5cc8f99684-p8bf2:3807:4016 [0] NCCL INFO Trees [0] 1/-1/-1->0->-1 [1] 1/-1/-1->0->-1 [2] 2/-1/-1->0->-1 [3] 2/-1/-1->0->-1 [4] 1/-1/-1->0->-1 [5] 1/-1/-1->0->-1 [6] 2/-1/-1->0->-1 [7] 2/-1/-1->0->-1 comm 0x3be35590 nRanks 03 busId 83000
vllm-prefill-5cc8f99684-p8bf2:3807:4016 [0] NCCL INFO P2P Chunksize set to 524288
vllm-prefill-5cc8f99684-p8bf2:3807:4016 [0] NCCL INFO Check P2P Type intraNodeP2pSupport 1 directMode 0
vllm-prefill-5cc8f99684-p8bf2:3809:4048 [2] NCCL INFO [Proxy Service] Device 2 CPU core 27
vllm-prefill-5cc8f99684-p8bf2:3809:4049 [2] NCCL INFO [Proxy Service UDS] Device 2 CPU core 28
vllm-prefill-5cc8f99684-p8bf2:3808:4047 [1] NCCL INFO [Proxy Service] Device 1 CPU core 4
vllm-prefill-5cc8f99684-p8bf2:3808:4050 [1] NCCL INFO [Proxy Service UDS] Device 1 CPU core 6
vllm-prefill-5cc8f99684-p8bf2:3807:4051 [0] NCCL INFO [Proxy Service UDS] Device 0 CPU core 14
vllm-prefill-5cc8f99684-p8bf2:3807:4046 [0] NCCL INFO [Proxy Service] Device 0 CPU core 13
vllm-prefill-5cc8f99684-p8bf2:3809:4017 [2] NCCL INFO Channel 00/0 : 2[93000] -> 0[83000] via P2P/IPC comm 0x4a8a09a0 nRanks 03
vllm-prefill-5cc8f99684-p8bf2:3808:4018 [1] NCCL INFO Channel 00/0 : 1[8b000] -> 2[93000] via P2P/IPC comm 0x39f1b480 nRanks 03
vllm-prefill-5cc8f99684-p8bf2:3807:4016 [0] NCCL INFO Channel 00/0 : 0[83000] -> 1[8b000] via P2P/IPC comm 0x3be35590 nRanks 03
vllm-prefill-5cc8f99684-p8bf2:3809:4017 [2] NCCL INFO Channel 02/0 : 2[93000] -> 0[83000] via P2P/IPC comm 0x4a8a09a0 nRanks 03
vllm-prefill-5cc8f99684-p8bf2:3808:4018 [1] NCCL INFO Channel 02/0 : 1[8b000] -> 2[93000] via P2P/IPC comm 0x39f1b480 nRanks 03
vllm-prefill-5cc8f99684-p8bf2:3807:4016 [0] NCCL INFO Channel 02/0 : 0[83000] -> 1[8b000] via P2P/IPC comm 0x3be35590 nRanks 03
vllm-prefill-5cc8f99684-p8bf2:3809:4017 [2] NCCL INFO Channel 04/0 : 2[93000] -> 0[83000] via P2P/IPC comm 0x4a8a09a0 nRanks 03
vllm-prefill-5cc8f99684-p8bf2:3808:4018 [1] NCCL INFO Channel 04/0 : 1[8b000] -> 2[93000] via P2P/IPC comm 0x39f1b480 nRanks 03
vllm-prefill-5cc8f99684-p8bf2:3807:4016 [0] NCCL INFO Channel 04/0 : 0[83000] -> 1[8b000] via P2P/IPC comm 0x3be35590 nRanks 03
vllm-prefill-5cc8f99684-p8bf2:3809:4017 [2] NCCL INFO Channel 06/0 : 2[93000] -> 0[83000] via P2P/IPC comm 0x4a8a09a0 nRanks 03
vllm-prefill-5cc8f99684-p8bf2:3808:4018 [1] NCCL INFO Channel 06/0 : 1[8b000] -> 2[93000] via P2P/IPC comm 0x39f1b480 nRanks 03
vllm-prefill-5cc8f99684-p8bf2:3807:4016 [0] NCCL INFO Channel 06/0 : 0[83000] -> 1[8b000] via P2P/IPC comm 0x3be35590 nRanks 03
vllm-prefill-5cc8f99684-p8bf2:3809:4017 [2] NCCL INFO Channel 01/0 : 2[93000] -> 1[8b000] via P2P/IPC comm 0x4a8a09a0 nRanks 03
vllm-prefill-5cc8f99684-p8bf2:3808:4018 [1] NCCL INFO Channel 01/0 : 1[8b000] -> 0[83000] via P2P/IPC comm 0x39f1b480 nRanks 03
vllm-prefill-5cc8f99684-p8bf2:3807:4016 [0] NCCL INFO Channel 01/0 : 0[83000] -> 2[93000] via P2P/IPC comm 0x3be35590 nRanks 03
vllm-prefill-5cc8f99684-p8bf2:3809:4017 [2] NCCL INFO Channel 03/0 : 2[93000] -> 1[8b000] via P2P/IPC comm 0x4a8a09a0 nRanks 03
vllm-prefill-5cc8f99684-p8bf2:3808:4018 [1] NCCL INFO Channel 03/0 : 1[8b000] -> 0[83000] via P2P/IPC comm 0x39f1b480 nRanks 03
vllm-prefill-5cc8f99684-p8bf2:3807:4016 [0] NCCL INFO Channel 03/0 : 0[83000] -> 2[93000] via P2P/IPC comm 0x3be35590 nRanks 03
vllm-prefill-5cc8f99684-p8bf2:3809:4017 [2] NCCL INFO Channel 05/0 : 2[93000] -> 1[8b000] via P2P/IPC comm 0x4a8a09a0 nRanks 03
vllm-prefill-5cc8f99684-p8bf2:3808:4018 [1] NCCL INFO Channel 05/0 : 1[8b000] -> 0[83000] via P2P/IPC comm 0x39f1b480 nRanks 03
vllm-prefill-5cc8f99684-p8bf2:3807:4016 [0] NCCL INFO Channel 05/0 : 0[83000] -> 2[93000] via P2P/IPC comm 0x3be35590 nRanks 03
vllm-prefill-5cc8f99684-p8bf2:3809:4017 [2] NCCL INFO Channel 07/0 : 2[93000] -> 1[8b000] via P2P/IPC comm 0x4a8a09a0 nRanks 03
vllm-prefill-5cc8f99684-p8bf2:3808:4018 [1] NCCL INFO Channel 07/0 : 1[8b000] -> 0[83000] via P2P/IPC comm 0x39f1b480 nRanks 03
vllm-prefill-5cc8f99684-p8bf2:3807:4016 [0] NCCL INFO Channel 07/0 : 0[83000] -> 2[93000] via P2P/IPC comm 0x3be35590 nRanks 03
vllm-prefill-5cc8f99684-p8bf2:3809:4017 [2] NCCL INFO Connected all rings, use ring PXN 0 GDR 1
vllm-prefill-5cc8f99684-p8bf2:3808:4018 [1] NCCL INFO Connected all rings, use ring PXN 0 GDR 1
vllm-prefill-5cc8f99684-p8bf2:3807:4016 [0] NCCL INFO Connected all rings, use ring PXN 0 GDR 1
vllm-prefill-5cc8f99684-p8bf2:3808:4018 [1] NCCL INFO Channel 01/0 : 1[8b000] -> 2[93000] via P2P/IPC comm 0x39f1b480 nRanks 03
vllm-prefill-5cc8f99684-p8bf2:3807:4016 [0] NCCL INFO Channel 01/0 : 0[83000] -> 1[8b000] via P2P/IPC comm 0x3be35590 nRanks 03
vllm-prefill-5cc8f99684-p8bf2:3808:4018 [1] NCCL INFO Channel 03/0 : 1[8b000] -> 2[93000] via P2P/IPC comm 0x39f1b480 nRanks 03
vllm-prefill-5cc8f99684-p8bf2:3807:4016 [0] NCCL INFO Channel 05/0 : 0[83000] -> 1[8b000] via P2P/IPC comm 0x3be35590 nRanks 03
vllm-prefill-5cc8f99684-p8bf2:3808:4018 [1] NCCL INFO Channel 05/0 : 1[8b000] -> 2[93000] via P2P/IPC comm 0x39f1b480 nRanks 03
vllm-prefill-5cc8f99684-p8bf2:3809:4017 [2] NCCL INFO Channel 03/0 : 2[93000] -> 0[83000] via P2P/IPC comm 0x4a8a09a0 nRanks 03
vllm-prefill-5cc8f99684-p8bf2:3808:4018 [1] NCCL INFO Channel 07/0 : 1[8b000] -> 2[93000] via P2P/IPC comm 0x39f1b480 nRanks 03
vllm-prefill-5cc8f99684-p8bf2:3809:4017 [2] NCCL INFO Channel 07/0 : 2[93000] -> 0[83000] via P2P/IPC comm 0x4a8a09a0 nRanks 03
vllm-prefill-5cc8f99684-p8bf2:3807:4016 [0] NCCL INFO Channel 02/0 : 0[83000] -> 2[93000] via P2P/IPC comm 0x3be35590 nRanks 03
vllm-prefill-5cc8f99684-p8bf2:3809:4017 [2] NCCL INFO Channel 00/0 : 2[93000] -> 1[8b000] via P2P/IPC comm 0x4a8a09a0 nRanks 03
vllm-prefill-5cc8f99684-p8bf2:3807:4016 [0] NCCL INFO Channel 06/0 : 0[83000] -> 2[93000] via P2P/IPC comm 0x3be35590 nRanks 03
vllm-prefill-5cc8f99684-p8bf2:3809:4017 [2] NCCL INFO Channel 02/0 : 2[93000] -> 1[8b000] via P2P/IPC comm 0x4a8a09a0 nRanks 03
vllm-prefill-5cc8f99684-p8bf2:3808:4018 [1] NCCL INFO Channel 00/0 : 1[8b000] -> 0[83000] via P2P/IPC comm 0x39f1b480 nRanks 03
vllm-prefill-5cc8f99684-p8bf2:3809:4017 [2] NCCL INFO Channel 04/0 : 2[93000] -> 1[8b000] via P2P/IPC comm 0x4a8a09a0 nRanks 03
vllm-prefill-5cc8f99684-p8bf2:3808:4018 [1] NCCL INFO Channel 04/0 : 1[8b000] -> 0[83000] via P2P/IPC comm 0x39f1b480 nRanks 03
vllm-prefill-5cc8f99684-p8bf2:3809:4017 [2] NCCL INFO Channel 06/0 : 2[93000] -> 1[8b000] via P2P/IPC comm 0x4a8a09a0 nRanks 03
vllm-prefill-5cc8f99684-p8bf2:3808:4018 [1] NCCL INFO Connected all trees
vllm-prefill-5cc8f99684-p8bf2:3809:4017 [2] NCCL INFO Connected all trees
vllm-prefill-5cc8f99684-p8bf2:3807:4016 [0] NCCL INFO Connected all trees
vllm-prefill-5cc8f99684-p8bf2:3809:4052 [2] NCCL INFO [Proxy Progress] Device 2 CPU core 29
vllm-prefill-5cc8f99684-p8bf2:3807:4053 [0] NCCL INFO [Proxy Progress] Device 0 CPU core 52
vllm-prefill-5cc8f99684-p8bf2:3808:4054 [1] NCCL INFO [Proxy Progress] Device 1 CPU core 7
vllm-prefill-5cc8f99684-p8bf2:3809:4017 [2] NCCL INFO threadThresholds 8/8/64 | 24/8/64 | 256 | 256
vllm-prefill-5cc8f99684-p8bf2:3809:4017 [2] NCCL INFO 8 coll channels, 8 collnet channels, 0 nvls channels, 8 p2p channels, 8 p2p channels per peer
vllm-prefill-5cc8f99684-p8bf2:3808:4018 [1] NCCL INFO threadThresholds 8/8/64 | 24/8/64 | 256 | 256
vllm-prefill-5cc8f99684-p8bf2:3808:4018 [1] NCCL INFO 8 coll channels, 8 collnet channels, 0 nvls channels, 8 p2p channels, 8 p2p channels per peer
vllm-prefill-5cc8f99684-p8bf2:3807:4016 [0] NCCL INFO threadThresholds 8/8/64 | 24/8/64 | 256 | 256
vllm-prefill-5cc8f99684-p8bf2:3807:4016 [0] NCCL INFO 8 coll channels, 8 collnet channels, 0 nvls channels, 8 p2p channels, 8 p2p channels per peer
vllm-prefill-5cc8f99684-p8bf2:3807:4016 [0] NCCL INFO CC Off, workFifoBytes 4194304
vllm-prefill-5cc8f99684-p8bf2:3807:4016 [0] NCCL INFO RCCL Unroll Factor (pre-set): 2
vllm-prefill-5cc8f99684-p8bf2:3808:4018 [1] NCCL INFO RCCL Unroll Factor (pre-set): 2
vllm-prefill-5cc8f99684-p8bf2:3809:4017 [2] NCCL INFO RCCL Unroll Factor (pre-set): 2
vllm-prefill-5cc8f99684-p8bf2:3809:4017 [2] NCCL INFO TUNER/Plugin: Could not find: librccl-tuner.so. Using internal tuner plugin.
vllm-prefill-5cc8f99684-p8bf2:3807:4016 [0] NCCL INFO TUNER/Plugin: Could not find: librccl-tuner.so. Using internal tuner plugin.
vllm-prefill-5cc8f99684-p8bf2:3809:4017 [2] NCCL INFO ncclCommInitRankConfig_impl comm 0x4a8a09a0 rank 2 nranks 3 cudaDev 2 nvmlDev 2 busId 93000 commId 0xb56ef89836de4dfc - Init COMPLETE
vllm-prefill-5cc8f99684-p8bf2:3807:4016 [0] NCCL INFO ncclCommInitRankConfig_impl comm 0x3be35590 rank 0 nranks 3 cudaDev 0 nvmlDev 0 busId 83000 commId 0xb56ef89836de4dfc - Init COMPLETE
vllm-prefill-5cc8f99684-p8bf2:3809:4017 [2] NCCL INFO Init timings - ncclCommInitRankConfig_impl: rank 2 nranks 3 total 2.00 (kernels 1.09, alloc 0.07, bootstrap 0.60, allgathers 0.03, topo 0.11, graphs 0.00, connections 0.10, rest 0.00)
vllm-prefill-5cc8f99684-p8bf2:3807:4016 [0] NCCL INFO Init timings - ncclCommInitRankConfig_impl: rank 0 nranks 3 total 2.00 (kernels 1.69, alloc 0.07, bootstrap 0.00, allgathers 0.02, topo 0.12, graphs 0.00, connections 0.10, rest 0.00)
vllm-prefill-5cc8f99684-p8bf2:3808:4018 [1] NCCL INFO TUNER/Plugin: Could not find: librccl-tuner.so. Using internal tuner plugin.
vllm-prefill-5cc8f99684-p8bf2:3808:4018 [1] NCCL INFO ncclCommInitRankConfig_impl comm 0x39f1b480 rank 1 nranks 3 cudaDev 1 nvmlDev 1 busId 8b000 commId 0xb56ef89836de4dfc - Init COMPLETE
vllm-prefill-5cc8f99684-p8bf2:3808:4018 [1] NCCL INFO Init timings - ncclCommInitRankConfig_impl: rank 1 nranks 3 total 1.91 (kernels 1.25, alloc 0.08, bootstrap 0.33, allgathers 0.00, topo 0.14, graphs 0.00, connections 0.10, rest 0.00)


vllm-prefill-5cc8f99684-p8bf2:3807:4060 [0] NCCL INFO comm 0x3be35590 rank 0 nranks 3 cudaDev 0 busId 83000 - Destroy COMPLETE
vllm-prefill-5cc8f99684-p8bf2:3809:4057 [2] NCCL INFO comm 0x4a8a09a0 rank 2 nranks 3 cudaDev 2 busId 93000 - Destroy COMPLETE
vllm-prefill-5cc8f99684-p8bf2:3808:4058 [1] NCCL INFO comm 0x39f1b480 rank 1 nranks 3 cudaDev 1 busId 8b000 - Destroy COMPLETE


------------------------------ Results ------------------------------
All-reduce result: tensor([30.], device='cuda:0')
